git --version

git clone https://github.com/Dandev-95
root@pnetlab:~# sudo apt-get install  git
root@pnetlab:~# git --version
git version 2.25.1
root@pnetlab:~#git clone https://github.com/temmy20102020/basiclinuxtraining.git

root@pnetlab:~# cd basiclinuxtraining
root@pnetlab:~/basiclinuxtraining# ls
README.md
root@pnetlab:~/basiclinuxtraining# git status
On branch main
Your branch is up to date with 'origin/main'.

nothing to commit, working tree clean


root@pnetlab:~/basiclinuxtraining# git remote
origin


root@pnetlab:~/basiclinuxtraining# touch file.txt
root@pnetlab:~/basiclinuxtraining# nano file.txt
root@pnetlab:~/basiclinuxtraining# cat file.txt
This is my file
root@pnetlab:~/basiclinuxtraining# git status
On branch main

root@pnetlab:~/basiclinuxtraining# git status
On branch main
Your branch is up to date with 'origin/main'.

Untracked files:
  (use "git add <file>..." to include in what will be committed)
        file.txt

nothing added to commit but untracked files present (use "git add" to track)
root@pnetlab:~/basiclinuxtraining# git add file.txt


root@pnetlab:~/basiclinuxtraining# git commit -m "Adding first stage"
[main 81094a1] Adding first stage
 Committer: root <root@pnetlab.example.com>
Your name and email address were configured automatically based
on your username and hostname. Please check that they are accurate.
You can suppress this message by setting them explicitly. Run the
following command and follow the instructions in your editor to edit
your configuration file:

    git config --global --edit

After doing this, you may fix the identity used for this commit with:

    git commit --amend --reset-author

 1 file changed, 1 insertion(+)
 create mode 100644 file.txt
root@pnetlab:~/basiclinuxtraining#

root@pnetlab:~/basiclinuxtraining# git status


root@pnetlab:~/basiclinuxtraining# git push origin










